ID_NET_NAME_MAC=enx5254007251d9
ID_NET_NAME_PATH=enp0s5
ID_NET_NAME_SLOT=ens5
