ID_NET_NAME_MAC=enx8c8caa458e68
ID_OUI_FROM_DATABASE=LCFC(HeFei) Electronics Technology co., ltd
ID_NET_NAME_PATH=enp0s31f6
